// Jest Snapshot v1, https://goo.gl/fbAQLP

exports[`usePersonTableData gets person table rows 1`] = `
[
  [
    {
      "academicAppointment": "Faculty",
      "displayName": "Kate Libby",
      "email": "klibby@umn.edu",
      "emplid": 12346,
      "givenName": "Kate",
      "id": 211,
      "jobCode": "9401",
      "leaveIds": [],
      "midcareerEligible": false,
      "sslApplyEligible": true,
      "sslEligible": true,
      "surName": "Libby",
      "title": "Assistant Professor",
    },
    {
      "enrollments": [
        {
          "course": {
            "catalogNumber": "1009",
            "courseCode": "AFRO-1009",
            "courseLevel": "UGRD",
            "courseType": "LEC",
            "id": "AFRO-1009",
            "source": "sis",
            "subject": "AFRO",
            "title": "History of Women in Africa",
          },
          "enrollment": {
            "dbId": null,
            "emplid": 12346,
            "id": "sis-sis-39-12346",
            "role": "PI",
            "sectionId": "sis-39",
          },
          "person": {
            "academicAppointment": "Faculty",
            "displayName": "Kate Libby",
            "email": "klibby@umn.edu",
            "emplid": 12346,
            "givenName": "Kate",
            "id": 211,
            "jobCode": "9401",
            "leaveIds": [],
            "midcareerEligible": false,
            "sslApplyEligible": true,
            "sslEligible": true,
            "surName": "Libby",
            "title": "Assistant Professor",
          },
          "section": {
            "classNumber": 39,
            "classSection": "001",
            "courseId": "AFRO-1009",
            "dbId": null,
            "enrollmentCap": 18,
            "enrollmentTotal": 16,
            "groupId": 1,
            "id": "sis-39",
            "isCancelled": false,
            "isPublished": true,
            "termId": 1,
            "waitlistCap": 0,
            "waitlistTotal": 0,
          },
          "term": {
            "endDate": "2021-12-31",
            "id": 1,
            "name": "Fall 2021",
            "startDate": "2021-08-01",
          },
        },
      ],
      "leaves": [],
      "term": {
        "endDate": "2021-12-31",
        "id": 1,
        "name": "Fall 2021",
        "startDate": "2021-08-01",
      },
    },
    {
      "enrollments": [],
      "leaves": [],
      "term": {
        "endDate": "2022-05-31",
        "id": 2,
        "name": "Spring 2022",
        "startDate": "2022-01-01",
      },
    },
  ],
  [
    {
      "academicAppointment": "Faculty",
      "displayName": "Dade Murphy",
      "email": "dmurphy1234@umn.edu",
      "emplid": 12345,
      "givenName": "Dade",
      "id": 210,
      "jobCode": "9402",
      "leaveIds": [
        1,
        2,
      ],
      "midcareerEligible": false,
      "sslApplyEligible": true,
      "sslEligible": true,
      "surName": "Murphy",
      "title": "Associate Professor",
    },
    {
      "enrollments": [
        {
          "course": {
            "catalogNumber": "1009",
            "courseCode": "AFRO-1009",
            "courseLevel": "UGRD",
            "courseType": "LEC",
            "id": "AFRO-1009",
            "source": "sis",
            "subject": "AFRO",
            "title": "History of Women in Africa",
          },
          "enrollment": {
            "dbId": null,
            "emplid": 12345,
            "id": "sis-sis-39-12345",
            "role": "PI",
            "sectionId": "sis-39",
          },
          "person": {
            "academicAppointment": "Faculty",
            "displayName": "Dade Murphy",
            "email": "dmurphy1234@umn.edu",
            "emplid": 12345,
            "givenName": "Dade",
            "id": 210,
            "jobCode": "9402",
            "leaveIds": [
              1,
              2,
            ],
            "midcareerEligible": false,
            "sslApplyEligible": true,
            "sslEligible": true,
            "surName": "Murphy",
            "title": "Associate Professor",
          },
          "section": {
            "classNumber": 39,
            "classSection": "001",
            "courseId": "AFRO-1009",
            "dbId": null,
            "enrollmentCap": 18,
            "enrollmentTotal": 16,
            "groupId": 1,
            "id": "sis-39",
            "isCancelled": false,
            "isPublished": true,
            "termId": 1,
            "waitlistCap": 0,
            "waitlistTotal": 0,
          },
          "term": {
            "endDate": "2021-12-31",
            "id": 1,
            "name": "Fall 2021",
            "startDate": "2021-08-01",
          },
        },
        {
          "course": {
            "catalogNumber": "1011",
            "courseCode": "AFRO-1011",
            "courseLevel": "UGRD",
            "courseType": "LEC",
            "id": "AFRO-1011",
            "source": "sis",
            "subject": "AFRO",
            "title": "Advanced Topics in African History",
          },
          "enrollment": {
            "dbId": null,
            "emplid": 12345,
            "id": "sis-sis-40-12345",
            "role": "PI",
            "sectionId": "sis-40",
          },
          "person": {
            "academicAppointment": "Faculty",
            "displayName": "Dade Murphy",
            "email": "dmurphy1234@umn.edu",
            "emplid": 12345,
            "givenName": "Dade",
            "id": 210,
            "jobCode": "9402",
            "leaveIds": [
              1,
              2,
            ],
            "midcareerEligible": false,
            "sslApplyEligible": true,
            "sslEligible": true,
            "surName": "Murphy",
            "title": "Associate Professor",
          },
          "section": {
            "classNumber": 40,
            "classSection": "001",
            "courseId": "AFRO-1011",
            "dbId": null,
            "enrollmentCap": 18,
            "enrollmentTotal": 16,
            "groupId": 1,
            "id": "sis-40",
            "isCancelled": false,
            "isPublished": true,
            "termId": 1,
            "waitlistCap": 0,
            "waitlistTotal": 0,
          },
          "term": {
            "endDate": "2021-12-31",
            "id": 1,
            "name": "Fall 2021",
            "startDate": "2021-08-01",
          },
        },
      ],
      "leaves": [
        {
          "created_at": "2021-08-01",
          "description": "Sabbatical",
          "end_date": "2021-12-31",
          "id": 1,
          "start_date": "2021-08-01",
          "status": "confirmed",
          "termIds": [
            1,
          ],
          "type": "sabbatical",
          "updated_at": "2021-08-01",
          "user_id": 210,
        },
      ],
      "term": {
        "endDate": "2021-12-31",
        "id": 1,
        "name": "Fall 2021",
        "startDate": "2021-08-01",
      },
    },
    {
      "enrollments": [],
      "leaves": [
        {
          "created_at": "2022-01-01",
          "description": "Sabbatical",
          "end_date": "2022-05-31",
          "id": 2,
          "start_date": "2022-01-01",
          "status": "confirmed",
          "termIds": [
            2,
          ],
          "type": "sabbatical",
          "updated_at": "2022-01-01",
          "user_id": 210,
        },
      ],
      "term": {
        "endDate": "2022-05-31",
        "id": 2,
        "name": "Spring 2022",
        "startDate": "2022-01-01",
      },
    },
  ],
]
`;
